../Drivers/CMSIS/Include/core_cm4.h:1938:34:__NVIC_SystemReset	4	static,ignoring_inline_asm
../Libraries/application/app_IOT_AT/Src/app_IOT_AT.c:12:6:HAL_UARTEx_RxEventCallback	16	static
../Libraries/application/app_IOT_AT/Src/app_IOT_AT.c:23:6:extractValueFromAT	40	static
../Libraries/application/app_IOT_AT/Src/app_IOT_AT.c:48:6:iotATConfig	16	static
../Libraries/application/app_IOT_AT/Src/app_IOT_AT.c:114:6:SetDEVID	336	static
../Libraries/application/app_IOT_AT/Src/app_IOT_AT.c:150:6:SetPUBTOPIC	272	static
../Libraries/application/app_IOT_AT/Src/app_IOT_AT.c:172:6:SetSUBTOPIC	272	static
../Libraries/application/app_IOT_AT/Src/app_IOT_AT.c:194:6:SetBKRADDR	272	static
../Libraries/application/app_IOT_AT/Src/app_IOT_AT.c:216:6:SetBKRPORT	272	static
../Libraries/application/app_IOT_AT/Src/app_IOT_AT.c:235:6:SetCLIENTID	272	static
../Libraries/application/app_IOT_AT/Src/app_IOT_AT.c:255:6:SetUSERID	272	static
../Libraries/application/app_IOT_AT/Src/app_IOT_AT.c:275:6:SetPASSWORD	272	static
../Libraries/application/app_IOT_AT/Src/app_IOT_AT.c:297:6:SetPointTemp	280	static
../Libraries/application/app_IOT_AT/Src/app_IOT_AT.c:319:6:SetPointPressure	280	static
../Libraries/application/app_IOT_AT/Src/app_IOT_AT.c:342:6:SetTAMB	272	static
../Libraries/application/app_IOT_AT/Src/app_IOT_AT.c:361:6:SetEB1	272	static
../Libraries/application/app_IOT_AT/Src/app_IOT_AT.c:379:6:SetSLNCRBP	272	static
../Libraries/application/app_IOT_AT/Src/app_IOT_AT.c:398:6:SetPOEM	272	static
../Libraries/application/app_IOT_AT/Src/app_IOT_AT.c:417:6:SetBLUpdateStatus	280	static
../Libraries/application/app_IOT_AT/Src/app_IOT_AT.c:436:6:GetBLUpdateStatus	264	static
../Libraries/application/app_IOT_AT/Src/app_IOT_AT.c:449:6:SetBLFileName	296	static
../Libraries/application/app_IOT_AT/Src/app_IOT_AT.c:470:6:GetBLFileName	280	static
../Libraries/application/app_IOT_AT/Src/app_IOT_AT.c:484:6:iotATHandler	1368	static
../Libraries/application/app_IOT_AT/Src/app_IOT_AT.c:610:6:UART_AT_IT_EN	8	static
