../Libraries/application/app_eeprom/Src/app_eeprom.c:3:6:ee_getDeviceID	16	static
../Libraries/application/app_eeprom/Src/app_eeprom.c:12:6:ee_getDeviceIDLen	16	static
../Libraries/application/app_eeprom/Src/app_eeprom.c:21:6:ee_setDeviceID	16	static
../Libraries/application/app_eeprom/Src/app_eeprom.c:35:6:ee_getBrokerPort	16	static
../Libraries/application/app_eeprom/Src/app_eeprom.c:44:6:ee_setBrokerPort	16	static
../Libraries/application/app_eeprom/Src/app_eeprom.c:53:6:ee_getBrokerAddress	16	static
../Libraries/application/app_eeprom/Src/app_eeprom.c:62:6:ee_getBrokerAddressLen	16	static
../Libraries/application/app_eeprom/Src/app_eeprom.c:71:6:ee_setBrokerAddress	24	static
../Libraries/application/app_eeprom/Src/app_eeprom.c:85:6:ee_getMqttClientID	16	static
../Libraries/application/app_eeprom/Src/app_eeprom.c:94:6:ee_getMqttClientIDLen	16	static
../Libraries/application/app_eeprom/Src/app_eeprom.c:103:6:ee_setMqttClientID	24	static
../Libraries/application/app_eeprom/Src/app_eeprom.c:117:6:ee_getMqttUserID	16	static
../Libraries/application/app_eeprom/Src/app_eeprom.c:126:6:ee_getMqttUserIDLen	16	static
../Libraries/application/app_eeprom/Src/app_eeprom.c:135:6:ee_setMqttUserID	24	static
../Libraries/application/app_eeprom/Src/app_eeprom.c:149:6:ee_getMqttUserPassword	16	static
../Libraries/application/app_eeprom/Src/app_eeprom.c:158:6:ee_getMqttUserPasswordLen	16	static
../Libraries/application/app_eeprom/Src/app_eeprom.c:167:6:ee_setMqttUserPassword	24	static
../Libraries/application/app_eeprom/Src/app_eeprom.c:181:6:ee_getTopicPublish1	16	static
../Libraries/application/app_eeprom/Src/app_eeprom.c:190:6:ee_getTopicPublish1Len	16	static
../Libraries/application/app_eeprom/Src/app_eeprom.c:199:6:ee_setTopicPublish1	24	static
../Libraries/application/app_eeprom/Src/app_eeprom.c:213:6:ee_getTopicSubscribe	16	static
../Libraries/application/app_eeprom/Src/app_eeprom.c:222:6:ee_getTopicSubscribeLen	16	static
../Libraries/application/app_eeprom/Src/app_eeprom.c:231:6:ee_setTopicSubscribe	16	static
../Libraries/application/app_eeprom/Src/app_eeprom.c:245:6:ee_getMqttMsgFreq	16	static
../Libraries/application/app_eeprom/Src/app_eeprom.c:254:6:ee_setMqttMsgFreq	16	static
../Libraries/application/app_eeprom/Src/app_eeprom.c:264:6:ee_setrecdcpStruct	16	static
../Libraries/application/app_eeprom/Src/app_eeprom.c:273:6:ee_getrecdcpStruct	16	static
../Libraries/application/app_eeprom/Src/app_eeprom.c:282:6:ee_getBLUpdateStatus	16	static
../Libraries/application/app_eeprom/Src/app_eeprom.c:291:6:ee_setBLUpdateStatus	16	static
../Libraries/application/app_eeprom/Src/app_eeprom.c:300:6:ee_getBLFileNameLen	16	static
../Libraries/application/app_eeprom/Src/app_eeprom.c:309:6:ee_getBLFileName	24	static
../Libraries/application/app_eeprom/Src/app_eeprom.c:321:6:ee_setBLFileName	16	static
../Libraries/application/app_eeprom/Src/app_eeprom.c:336:6:configIOTParameters	72	static
../Libraries/application/app_eeprom/Src/app_eeprom.c:383:6:configRECDConstantPointSets	16	static
../Libraries/application/app_eeprom/Src/app_eeprom.c:418:6:eeprom_recdcp_param_set	16	static
../Libraries/application/app_eeprom/Src/app_eeprom.c:452:6:eeprom_iot_param_set	80	static
../Libraries/application/app_eeprom/Src/app_eeprom.c:471:6:eeprom_git_param_set	8	static
