../Libraries/SDCard/Src/SDCard.c:32:9:sd_mount	16	static
../Libraries/SDCard/Src/SDCard.c:42:9:sd_unMount	16	static
../Libraries/SDCard/Src/SDCard.c:48:9:sd_space	24	static
../Libraries/SDCard/Src/SDCard.c:67:9:sd_fileExists	16	static
../Libraries/SDCard/Src/SDCard.c:73:9:sd_removeFile	16	static
../Libraries/SDCard/Src/SDCard.c:80:16:sd_open	24	static
../Libraries/SDCard/Src/SDCard.c:85:16:sd_close	16	static
../Libraries/SDCard/Src/SDCard.c:90:16:sd_read	24	static
../Libraries/SDCard/Src/SDCard.c:95:16:sd_write	24	static
../Libraries/SDCard/Src/SDCard.c:101:16:sd_seek	16	static
../Libraries/SDCard/Src/SDCard.c:109:9:sd_createFile	120	static
../Libraries/SDCard/Src/SDCard.c:123:9:sd_writeFile	128	static
../Libraries/SDCard/Src/SDCard.c:140:9:sd_readFile	128	static
../Libraries/SDCard/Src/SDCard.c:155:9:sd_updatefile	128	static
../Libraries/SDCard/Src/SDCard.c:171:9:sd_fileseekread	128	static
../Libraries/SDCard/Src/SDCard.c:189:9:sd_getFileInfo	120	static
../Libraries/SDCard/Src/SDCard.c:196:9:sd_createDir	16	static
../Libraries/SDCard/Src/SDCard.c:201:9:sd_openDir	16	static
../Libraries/SDCard/Src/SDCard.c:210:9:sd_dirExists	16	static
../Libraries/SDCard/Src/SDCard.c:215:9:sd_removeDir	16	static
../Libraries/SDCard/Src/SDCard.c:226:6:sd_closeDir	16	static
../Libraries/SDCard/Src/SDCard.c:231:6:sd_changeDir	24	static
../Libraries/SDCard/Src/SDCard.c:244:6:sd_resetDir	16	static
../Libraries/SDCard/Src/SDCard.c:249:6:sd_dirGoBack	24	static
../Libraries/SDCard/Src/SDCard.c:263:6:sd_updatefileLoc	32	static
